// Jest Snapshot v1, https://goo.gl/fbAQLP

exports[`OverlaySpinner component renders correctly 1`] = `
<Modal
  animationType="none"
  hardwareAccelerated={false}
  hideOnBack={false}
  onModalHide={[Function]}
  onRequestClose={[Function]}
  transparent={true}
  visible={false}
>
  <View
    accessibilityComponentType={undefined}
    accessibilityLabel={undefined}
    accessibilityTraits={undefined}
    accessible={true}
    collapsable={undefined}
    hitSlop={undefined}
    nativeID={undefined}
    onLayout={undefined}
    onResponderGrant={[Function]}
    onResponderMove={[Function]}
    onResponderRelease={[Function]}
    onResponderTerminate={[Function]}
    onResponderTerminationRequest={[Function]}
    onStartShouldSetResponder={[Function]}
    style={
      Object {
        "backgroundColor": "transparent",
        "bottom": 0,
        "height": 1334,
        "left": 0,
        "opacity": 0,
        "position": "absolute",
        "right": 0,
        "top": 0,
        "width": 750,
      }
    }
    testID={undefined}
  />
  <View
    collapsable={undefined}
    hideOnBack={false}
    onModalHide={[Function]}
    pointerEvents="box-none"
    style={
      Object {
        "flex": 1,
        "justifyContent": "center",
        "margin": 0,
        "padding": 0,
        "transform": Array [
          Object {
            "translateY": 0,
          },
        ],
      }
    }
    transparent={true}
  >
    <View
      contentContainerStyle={
        Object {
          "flex": 1,
        }
      }
      extraHeight={120}
      keyboardShouldPersistTaps="handled"
      scrollEnabled={false}
      style={
        Object {
          "flex": 1,
        }
      }
    >
      <View
        accessibilityComponentType={undefined}
        accessibilityLabel={undefined}
        accessibilityTraits={undefined}
        accessible={true}
        hitSlop={undefined}
        nativeID={undefined}
        onLayout={undefined}
        onResponderGrant={[Function]}
        onResponderMove={[Function]}
        onResponderRelease={[Function]}
        onResponderTerminate={[Function]}
        onResponderTerminationRequest={[Function]}
        onStartShouldSetResponder={[Function]}
        style={
          Array [
            Object {
              "backgroundColor": "#FFF",
              "flex": 1,
              "justifyContent": "center",
              "padding": 20,
            },
            Object {},
          ]
        }
        testID={undefined}
      >
        <View
          accessibilityComponentType={undefined}
          accessibilityLabel={undefined}
          accessibilityTraits={undefined}
          accessible={true}
          hitSlop={undefined}
          nativeID={undefined}
          onLayout={undefined}
          onResponderGrant={[Function]}
          onResponderMove={[Function]}
          onResponderRelease={[Function]}
          onResponderTerminate={[Function]}
          onResponderTerminationRequest={[Function]}
          onStartShouldSetResponder={[Function]}
          style={
            Array [
              Object {
                "alignItems": "center",
                "backgroundColor": "white",
                "padding": 20,
              },
              Object {},
            ]
          }
          testID={undefined}
        />
      </View>
    </View>
  </View>
</Modal>
`;
